I'm sorry, but errors were detected in your script. Please correct the
errors listed below, and try again.


File "game/script.rpy", line 36: expected statement.
    "\"I have real legs!\" ~ Gamerhcp" with dissolve:
                                       ^

Ren'Py Version: Ren'Py 7.4.10.2178
Thu Nov 11 21:11:06 2021
